INFO: Log file: done1/parse_tradeconfirmation.log
INFO: Source PDF: tradeconfirmation/2026-09-01.pdf
INFO: Output CSV: outputfolder/2026-09-01_securities_trading_activity_table.csv
INFO: Source pages: [4]
INFO: QA JSON: outputfolder/2026-09-01_trading_activity_qa.json
INFO: Shape: 32 rows x 18 cols
INFO: Completeness: 91.49%
INFO: Matched required columns: 18
INFO: Moved PDF: tradeconfirmation/2026-09-01.pdf -> done1/2026-09-01.pdf
INFO: Log file: done1/parse_tradeconfirmation.log
INFO: Source PDF: tradeconfirmation/2026-09-02.pdf
INFO: Output CSV: outputfolder/2026-09-02_securities_trading_activity_table.csv
INFO: Source pages: [3]
INFO: QA JSON: outputfolder/2026-09-02_trading_activity_qa.json
INFO: Shape: 17 rows x 18 cols
INFO: Completeness: 88.89%
INFO: Matched required columns: 18
INFO: Moved PDF: tradeconfirmation/2026-09-02.pdf -> done1/2026-09-02.pdf
INFO: Log file: done1/parse_tradeconfirmation.log
INFO: Source PDF: tradeconfirmation/2026-09-03.pdf
INFO: Output CSV: outputfolder/2026-09-03_securities_trading_activity_table.csv
INFO: Source pages: [4]
INFO: QA JSON: outputfolder/2026-09-03_trading_activity_qa.json
INFO: Shape: 19 rows x 18 cols
INFO: Completeness: 91.52%
INFO: Matched required columns: 18
INFO: Moved PDF: tradeconfirmation/2026-09-03.pdf -> done1/2026-09-03.pdf
INFO: Log file: done1/parse_tradeconfirmation.log
INFO: Source PDF: tradeconfirmation/2026-09-04.pdf
INFO: Output CSV: outputfolder/2026-09-04_securities_trading_activity_table.csv
INFO: Source pages: [3]
INFO: QA JSON: outputfolder/2026-09-04_trading_activity_qa.json
INFO: Shape: 13 rows x 18 cols
INFO: Completeness: 91.45%
INFO: Matched required columns: 18
INFO: Moved PDF: tradeconfirmation/2026-09-04.pdf -> done1/2026-09-04.pdf
INFO: Log file: done1/parse_tradeconfirmation.log
INFO: Source PDF: tradeconfirmation/2026-09-08.pdf
INFO: Output CSV: outputfolder/2026-09-08_securities_trading_activity_table.csv
INFO: Source pages: [3, 4]
INFO: QA JSON: outputfolder/2026-09-08_trading_activity_qa.json
INFO: Shape: 35 rows x 18 cols
INFO: Completeness: 93.49%
INFO: Matched required columns: 18
INFO: Moved PDF: tradeconfirmation/2026-09-08.pdf -> done1/2026-09-08.pdf
INFO: Log file: done1/parse_tradeconfirmation.log
INFO: Source PDF: tradeconfirmation/2026-09-09.pdf
INFO: Output CSV: outputfolder/2026-09-09_securities_trading_activity_table.csv
INFO: Source pages: [3]
INFO: QA JSON: outputfolder/2026-09-09_trading_activity_qa.json
INFO: Shape: 11 rows x 18 cols
INFO: Completeness: 92.42%
INFO: Matched required columns: 18
INFO: Moved PDF: tradeconfirmation/2026-09-09.pdf -> done1/2026-09-09.pdf
INFO: Log file: done1/parse_tradeconfirmation.log
INFO: Source PDF: tradeconfirmation/2026-09-11.pdf
INFO: Output CSV: outputfolder/2026-09-11_securities_trading_activity_table.csv
INFO: Source pages: [4]
INFO: QA JSON: outputfolder/2026-09-11_trading_activity_qa.json
INFO: Shape: 19 rows x 18 cols
INFO: Completeness: 93.27%
INFO: Matched required columns: 18
INFO: Moved PDF: tradeconfirmation/2026-09-11.pdf -> done1/2026-09-11.pdf
INFO: Log file: done1/parse_tradeconfirmation.log
INFO: Source PDF: tradeconfirmation/2026-09-14.pdf
INFO: Output CSV: outputfolder/2026-09-14_securities_trading_activity_table.csv
INFO: Source pages: [3]
INFO: QA JSON: outputfolder/2026-09-14_trading_activity_qa.json
INFO: Shape: 13 rows x 18 cols
INFO: Completeness: 93.59%
INFO: Matched required columns: 18
INFO: Moved PDF: tradeconfirmation/2026-09-14.pdf -> done1/2026-09-14.pdf
